../Core/Src/stm32h5xx_hal_msp.c:63:6:HAL_MspInit	0	static
../Core/Src/stm32h5xx_hal_msp.c:83:6:HAL_ADC_MspInit	248	static
../Core/Src/stm32h5xx_hal_msp.c:129:6:HAL_ADC_MspDeInit	0	static
../Core/Src/stm32h5xx_hal_msp.c:158:6:HAL_DAC_MspInit	40	static
../Core/Src/stm32h5xx_hal_msp.c:193:6:HAL_DAC_MspDeInit	0	static
../Core/Src/stm32h5xx_hal_msp.c:222:6:HAL_I2C_MspInit	248	static
../Core/Src/stm32h5xx_hal_msp.c:269:6:HAL_I2C_MspDeInit	8	static
../Core/Src/stm32h5xx_hal_msp.c:300:6:HAL_TIM_Base_MspInit	16	static
../Core/Src/stm32h5xx_hal_msp.c:326:6:HAL_TIM_Base_MspDeInit	0	static
